// Jest Snapshot v1, https://goo.gl/fbAQLP

exports[`python-xunit tests report from python test results matches snapshot 1`] = `
TestRunResult {
  "path": "fixtures/python-xunit.xml",
  "suites": [
    TestSuiteResult {
      "groups": [
        TestGroupResult {
          "name": "src.acme.test_lib",
          "tests": [
            TestCaseResult {
              "error": undefined,
              "name": "test_always_pass",
              "result": "success",
              "time": 36.386333,
            },
            TestCaseResult {
              "error": undefined,
              "name": "test_always_skip",
              "result": "success",
              "time": 92.039167,
            },
            TestCaseResult {
              "error": {
                "details": undefined,
                "line": undefined,
                "message": "failed",
                "path": undefined,
              },
              "name": "test_always_fail",
              "result": "failed",
              "time": 92.05175,
            },
          ],
        },
      ],
      "name": "pytest",
      "totalTime": 220.47725000000003,
    },
  ],
  "totalTime": undefined,
}
`;
